// Jest Snapshot v1, https://jestjs.io/docs/snapshot-testing

exports[`Markdown Pre should render a pre 1`] = `
<pre
  className="rsg--pre-0"
>
  This is pre-formatted text.
</pre>
`;

exports[`Markdown Pre should render highlighted code 1`] = `
<pre
  className="lang-html rsg--pre-0"
  dangerouslySetInnerHTML={
    {
      "__html": "<button>OK</button>",
    }
  }
/>
`;
