// Jest Snapshot v1, https://jestjs.io/docs/snapshot-testing

exports[`getComponents() should return an object for components 1`] = `
[
  {
    "filepath": "../../Foo.js",
    "hasExamples": false,
    "metadata": {},
    "module": {
      "require": "Foo.js",
    },
    "pathLine": "../../Foo.js",
    "props": {
      "require": "!!~/src/loaders/props-loader.js!Foo.js",
    },
    "slug": "foo",
  },
  {
    "filepath": "../../Bar.js",
    "hasExamples": false,
    "metadata": {},
    "module": {
      "require": "Bar.js",
    },
    "pathLine": "../../Bar.js",
    "props": {
      "require": "!!~/src/loaders/props-loader.js!Bar.js",
    },
    "slug": "bar",
  },
]
`;
