// Jest Snapshot v1, https://jestjs.io/docs/snapshot-testing

exports[`processComponent() should return an object for section with content 1`] = `
{
  "filepath": "../../../../pizza.js",
  "hasExamples": true,
  "metadata": {},
  "module": {
    "require": "pizza.js",
  },
  "pathLine": "../../../../pizza.js",
  "props": {
    "require": "!!~/src/loaders/props-loader.js!pizza.js",
  },
  "slug": "pizza",
}
`;
