// Jest Snapshot v1, https://jestjs.io/docs/snapshot-testing

exports[`should renderer a button 1`] = `
<Styled(TabButton)
  name="Pizza"
  onClick={[Function]}
  props={
    {
      "props": [
        {
          "name": "foo",
        },
      ],
    }
  }
>
  Props & methods
</Styled(TabButton)>
`;
